// Jest Snapshot v1, https://goo.gl/fbAQLP

exports[`Text Field  Component Renders correctly 1`] = `
<Fragment>
  <WithStyles(ForwardRef(TextField))
    InputProps={
      Object {
        "endAdornment": <WithStyles(ForwardRef(InputAdornment))
          position="end"
        />,
      }
    }
    fullWidth={false}
    helperText=""
    margin="none"
    multiline={false}
    name=""
    onChange={[Function]}
    placeholder=""
    rows={1}
    rowsMax={1}
    value=""
    variant="outlined"
  />
</Fragment>
`;
